// Jest Snapshot v1, https://goo.gl/fbAQLP

exports[`Alert renders correctly 1`] = `
<div
  className="sc-bdVaJa jKopLr"
>
  <div
    className="sc-kgoBCf jIcSzk sc-cSHVUG bRisHk"
  >
    <div>
      
      An alert
    </div>
  </div>
</div>
`;
