// Jest Snapshot v1, https://goo.gl/fbAQLP

exports[`ArcSlider component should match the stored snapshot 1`] = `
<div
  className="sc-bdVaJa jKopLr"
>
  <div
    className="sc-jTzLTM fRjxOf sc-gqjmRU bCjhLA sc-iwsKbI khHCQa sc-bwzfXH ihgQcP"
  >
    <svg
      className="sc-VigVT dFFOvp"
      onMouseDown={[Function]}
      onTouchStart={[Function]}
      style={
        Object {
          "cursor": "grab",
        }
      }
      viewBox="0 0 600 600"
    >
      <defs>
        <linearGradient
          id="rendition-arc-slider-gradient"
          x1="0%"
          x2="100%"
          y1="0%"
          y2="0%"
        >
          <stop
            offset="0%"
            stopColor="hsl(46.30000000000001, 100%, 39.8%)"
          />
          <stop
            offset="100%"
            stopColor="#FEC400"
          />
        </linearGradient>
        <filter
          height="130%"
          id="rendition-arc-slider-dropshadow"
          xmlns="http://www.w3.org/2000/svg"
        >
          <feGaussianBlur
            in="SourceAlpha"
            stdDeviation="1.25"
          />
          <feOffset
            dx="0"
            dy="0"
            result="offsetblur"
          />
          <feMerge>
            <feMergeNode />
            <feMergeNode
              in="SourceGraphic"
            />
          </feMerge>
        </filter>
      </defs>
      <path
        d="M 441.4213562373095 441.4213562373095 A 200 200 0 1 0 158.57864376269046 441.4213562373095"
        fill="none"
        stroke="#707274"
        strokeLinecap="round"
        strokeWidth="20.5"
      />
      <path
        d="M 158.57864376269046 441.4213562373095 A 200 200 0 0 0 158.57864376269046 441.4213562373095"
        fill="none"
        stroke="url(#rendition-arc-slider-gradient)"
        strokeLinecap="round"
        strokeWidth="22"
      />
      <circle
        cx="300"
        cy="100"
        fill="white"
        filter="url(#rendition-arc-slider-dropshadow)"
        r="20"
        transform="rotate(-135, 300, 300)"
      />
      <circle
        cx="300"
        cy="100"
        fill="#FEC400"
        r="14"
        transform="rotate(-135, 300, 300)"
      />
    </svg>
    <div
      className="sc-fjdhpX ioCTzx sc-gZMcBi cmZZgb sc-dnqmqq eheJhs sc-htpNat bhbuxU"
    />
  </div>
</div>
`;
