// Jest Snapshot v1, https://goo.gl/fbAQLP

exports[`DropDownButton renders correctly 1`] = `
<div
  className="sc-bdVaJa jKopLr"
>
  <div
    className="sc-hMqMXs fVnJkn"
  >
    <span>
      <button
        className="sc-jKJlTe gKAGRW sc-VigVT hegYug sc-htoDjs iwozsz"
      >
        <div>
          DropDown
        </div>
      </button>
      <button
        className="sc-ckVGcZ dDNiOq sc-VigVT hegYug sc-htoDjs iwozsz"
        onClick={[Function]}
      >
        <svg
          fill="currentColor"
          height="1em"
          preserveAspectRatio="xMidYMid meet"
          style={
            Object {
              "color": undefined,
              "verticalAlign": "middle",
            }
          }
          viewBox="0 0 40 40"
          width="1em"
        >
          <g>
            <path
              d="m31.4 15.7q0 0.6-0.5 1l-10 10q-0.4 0.4-1 0.4t-1-0.4l-10-10q-0.4-0.4-0.4-1t0.4-1 1-0.4h20q0.6 0 1 0.4t0.5 1z"
            />
          </g>
        </svg>
      </button>
    </span>
  </div>
</div>
`;
