// Jest Snapshot v1, https://goo.gl/fbAQLP

exports[`Form component should match the stored snapshot 1`] = `
<div
  className="sc-kgoBCf kOSFqw"
>
  <div
    className="sc-cbkKFq jWSxbt sc-gZMcBi cmZZgb sc-dnqmqq eheJhs sc-bZQynM gBdotH"
  >
    <form
      className="rjsf"
      noValidate={false}
      onSubmit={[Function]}
    >
      <div
        className="form-group field field-object sc-gZMcBi jxxzwT sc-dnqmqq eheJhs sc-bZQynM gcuxEv"
      >
        <fieldset>
          <div
            className="form-group field field-string sc-gZMcBi jxxzwT sc-dnqmqq eheJhs sc-bZQynM gcuxEv"
          >
            <label
              className="control-label sc-eLExRp kbPUFW"
              htmlFor="root_Name"
            >
              Pokemon Name
            </label>
            <input
              autoFocus={false}
              className="sc-hmzhuo cwbGSS sc-ksYbfQ lfOsOR"
              disabled={false}
              id="root_Name"
              label="Pokemon Name"
              onBlur={[Function]}
              onChange={[Function]}
              onFocus={[Function]}
              placeholder=""
              readOnly={false}
              required={false}
              type="text"
              value=""
            />
            <div />
            <div />
          </div>
        </fieldset>
        <div />
        <div />
      </div>
      <button
        className="sc-hMqMXs kYklEl sc-kpOJdX GGSVY"
      >
        Submit
      </button>
    </form>
  </div>
</div>
`;
