// Jest Snapshot v1, https://goo.gl/fbAQLP

exports[`Link renders correctly 1`] = `
<div
  className="sc-bdVaJa jKopLr"
>
  <a
    className="sc-jTzLTM bUWCnN sc-fjdhpX jDBYsh"
    color="primary.main"
  >
    Link
  </a>
</div>
`;
