// Jest Snapshot v1, https://goo.gl/fbAQLP

exports[`Modal renders correctly 1`] = `
.c8 {
  box-sizing: border-box;
}

.c7 {
  padding: 16px;
  width: 700px;
}

.c10 {
  margin-top: 50px;
}

.c9 {
  display: -webkit-box;
  display: -webkit-flex;
  display: -ms-flexbox;
  display: flex;
  -webkit-align-items: center;
  -webkit-box-align: center;
  -ms-flex-align: center;
  align-items: center;
  -webkit-box-pack: end;
  -webkit-justify-content: flex-end;
  -ms-flex-pack: end;
  justify-content: flex-end;
}

.c12 {
  display: inline-block;
  box-sizing: border-box;
  cursor: pointer;
  outline: none;
  font: inherit;
  -webkit-text-decoration: none;
  text-decoration: none;
  margin: 0;
  background: transparent;
  overflow: visible;
  text-transform: none;
  border: 1px solid #00AEEF;
  border-radius: 20px;
  color: #444444;
  padding: 4px 30px;
  font-size: 14px;
  line-height: 1.5;
  background: #00AEEF;
  color: #444444;
  border-radius: 20px;
  -webkit-transition: 0.1s ease-in-out;
  transition: 0.1s ease-in-out;
}

.c12:hover {
  box-shadow: 0px 0px 0px 2px #00AEEF;
}

.c1 {
  font-family: 'Nunito',Arial,sans-serif;
  font-size: 14px;
  line-height: 1.5;
  box-sizing: border-box;
  -webkit-text-size-adjust: 100%;
  -ms-text-size-adjust: 100%;
  -moz-osx-font-smoothing: grayscale;
  -webkit-font-smoothing: antialiased;
}

.c2 {
  font-family: 'Nunito',Arial,sans-serif;
  font-size: 14px;
  line-height: 1.5;
  box-sizing: border-box;
  -webkit-text-size-adjust: 100%;
  -ms-text-size-adjust: 100%;
  -moz-osx-font-smoothing: grayscale;
  -webkit-font-smoothing: antialiased;
  background: unset;
  position: relative;
  z-index: 30;
  pointer-events: none;
  outline: none;
  position: fixed;
  top: 0px;
  left: 0px;
  right: 0px;
  bottom: 0px;
  width: 100vw;
  height: 100vh;
}

.c3 {
  position: absolute;
  top: 0px;
  left: 0px;
  right: 0px;
  bottom: 0px;
  background: rgba(0,0,0,0.5);
  color: #f8f8f8;
  pointer-events: all;
}

.c4 {
  font-family: 'Nunito',Arial,sans-serif;
  font-size: 14px;
  line-height: 1.5;
  box-sizing: border-box;
  -webkit-text-size-adjust: 100%;
  -ms-text-size-adjust: 100%;
  -moz-osx-font-smoothing: grayscale;
  -webkit-font-smoothing: antialiased;
  display: -webkit-box;
  display: -webkit-flex;
  display: -ms-flexbox;
  display: flex;
  -webkit-flex-direction: column;
  -ms-flex-direction: column;
  flex-direction: column;
  min-height: 48px;
  background: #FFFFFF;
  color: #444444;
  outline: none;
  pointer-events: all;
  z-index: 40;
  position: fixed;
  max-height: calc(100% - 12px - 12px);
  max-width: calc(100% - 12px - 12px);
  border-radius: 4px;
  top: 50%;
  left: 50%;
  -webkit-transform: translate(-50%,-50%);
  -ms-transform: translate(-50%,-50%);
  transform: translate(-50%,-50%);
}

.c5 {
  width: 0;
  height: 0;
  overflow: hidden;
  position: absolute;
}

.c11 {
  font-family: CircularStd,Arial,sans-serif;
  font-weight: 500;
  font-size: 14px;
  height: 38px;
  white-space: nowrap;
  display: -webkit-inline-box;
  display: -webkit-inline-flex;
  display: -ms-inline-flexbox;
  display: inline-flex;
  -webkit-align-items: center;
  -webkit-box-align: center;
  -ms-flex-align: center;
  align-items: center;
  -webkit-box-pack: center;
  -webkit-justify-content: center;
  -ms-flex-pack: center;
  justify-content: center;
  color: white;
}

.c11 svg {
  color: inherit !important;
  font-size: 0.925em;
}

.c11:disabled {
  cursor: not-allowed;
}

.c11:hover:enabled,
.c11:focus:enabled,
.c11:active:enabled {
  box-shadow: none;
  background: hsl(196.29999999999995,100%,37.5%);
  border-color: hsl(196.29999999999995,100%,37.5%);
  color: white;
  opacity: undefined;
}

.c11:hover:enabled svg,
.c11:focus:enabled svg,
.c11:active:enabled svg {
  color: white !important;
}

.c6 {
  max-width: 100%;
  overflow-y: auto;
}

.c0 {
  font-family: 'Nunito',Arial,sans-serif;
  font-size: 14px;
}

.c0 h1,
.c0 h2,
.c0 h3,
.c0 h4,
.c0 h5,
.c0 h6,
.c0 button {
  font-family: CircularStd,Arial,sans-serif;
}

@media screen and (min-width:576px) {
  .c7 {
    padding: 40px 50px 30px;
  }
}

<div
  className="c0 c1"
>
  <div
    aria-hidden={false}
  >
    <div
      className="c2"
      onKeyDown={[Function]}
      tabIndex="-1"
    >
      <div
        className="c3"
        onMouseDown={[Function]}
      />
      <div
        className="c4"
      >
        <a
          aria-hidden="true"
          className="c5"
          tabIndex="-1"
        />
        <div
          className="c6 c7 c8"
          onClick={[Function]}
        >
          Modal
          <div
            className="c9 c10 c8"
          >
            <button
              className="c11 c12"
              onBlur={[Function]}
              onFocus={[Function]}
              onMouseOut={[Function]}
              onMouseOver={[Function]}
              type="button"
            >
              OK
            </button>
          </div>
        </div>
      </div>
    </div>
  </div>
</div>
`;
