// Jest Snapshot v1, https://goo.gl/fbAQLP

exports[`Select component should match the stored snapshot 1`] = `
<div
  className="sc-bdVaJa jKopLr"
>
  <span
    className="sc-dnqmqq gDpXJY sc-htoDjs etMeNl"
  >
    <select
      className="sc-gzVnrw eSclAi"
    >
      <option
        value={1}
      >
        Option 1
      </option>
      <option
        value={2}
      >
        Option 2
      </option>
      <option
        value={3}
      >
        Option 3
      </option>
    </select>
  </span>
</div>
`;
