// Jest Snapshot v1, https://goo.gl/fbAQLP

exports[`Textarea component should match the stored snapshot 1`] = `
<div
  className="sc-bdVaJa jKopLr"
>
  <textarea
    className="sc-htoDjs gDCMNh sc-gzVnrw jsCvhN"
  />
</div>
`;
